@@GUARD_ENV_NAMES_BEGIN
_
}
all_proxy
ALL_PROXY
APPS
BASH_FUNC_module%%
CARGO_HOME
CLUSTER_NAME
COLORTERM
CPU
CSHEDIT
CUDA_VISIBLE_DEVICES
DBUS_SESSION_BUS_ADDRESS
DISPLAY
ENVIRONMENT
G_BROKEN_FILENAMES
G_FILENAME_ENCODING
GPG_TTY
GPU_DEVICE_ORDINAL
GT4PY_BUILD_JOBS
GT4PY_UNSTRUCTURED_HORIZONTAL_HAS_UNIT_STRIDE
HISTSIZE
HOME
HOST
HOSTNAME
HOSTTYPE
http_proxy
HTTP_PROXY
https_proxy
HTTPS_PROXY
HUSK_JOB_LOG
HUSK_NET_SOCK
_HUSK_RESANDBOXED
HUSK_REVIEW_ROOT
HUSK_REVIEW_STATE
HUSK_SESSION_LOG
HUSK_SLURM_PARTITION
HUSK_SLURM_SPOOL
HUSK_SOCAT
HUSK_STEP_SPOOL
HUSK_WRITABLE
INFRANAME
JAVA_BINDIR
JAVA_HOME
JDK_HOME
JRE_HOME
LANG
LC_ADDRESS
LC_IDENTIFICATION
LC_MEASUREMENT
LC_MONETARY
LC_NAME
LC_NUMERIC
LC_PAPER
LC_TELEPHONE
LC_TIME
LESS
LESS_ADVANCED_PREPROCESSOR
LESSCLOSE
LESSKEY
LESSOPEN
LIBGL_DEBUG
LMOD_SYSTEM_NAME
LM_SETUP_DIR
LOADEDMODULES
LOGNAME
LS_COLORS
LUSTRE_JOB_ID
MACHTYPE
MAIL
MANPATH
MINICOM
MODULEPATH
MODULESHOME
MODULE_VERSION
MODULE_VERSION_STACK
MORE
no_proxy
NO_PROXY
OLDPWD
OPR_APPS_DIR
OPR_BIN
OPR_CONDA_DIR
OPR_ENV_DIR
OPR_HOME
OPR_MODULEFILES
OPR_OPR_DIR
OPR_SETUP_DIR
OPR_SRC_DIR
OPR_USER
OSTYPE
PAGER
PATH
PROFILEREAD
PROJECT
PWD
ROCR_VISIBLE_DEVICES
RUSTUP_HOME
SCRATCH
SDK_HOME
SHELL
SHLVL
SLURM_CLUSTER_NAME
SLURM_CONF
SLURM_CPUS_ON_NODE
SLURMD_NODENAME
SLURM_GPUS_ON_NODE
SLURM_GTIDS
SLURM_JOB_ACCOUNT
SLURM_JOB_CPUS_PER_NODE
SLURM_JOB_END_TIME
SLURM_JOB_GID
SLURM_JOB_GPUS
SLURM_JOB_ID
SLURM_JOBID
SLURM_JOB_NODELIST
SLURM_JOB_NUM_NODES
SLURM_JOB_PARTITION
SLURM_JOB_QOS
SLURM_JOB_START_TIME
SLURM_JOB_UID
SLURM_JOB_USER
SLURM_LOCALID
SLURM_NNODES
SLURM_NODE_ALIASES
SLURM_NODEID
SLURM_NODELIST
SLURM_NPROCS
SLURM_NTASKS
SLURM_PRIO_PROCESS
SLURM_PROCID
SLURM_SCRIPT_CONTEXT
SLURM_SUBMIT_DIR
SLURM_SUBMIT_HOST
SLURM_TASK_PID
SLURM_TASKS_PER_NODE
SLURM_TOPOLOGY_ADDR
SLURM_TOPOLOGY_ADDR_PATTERN
SLURM_WORKING_CLUSTER
SSH_AUTH_SOCK
SSH_CLIENT
SSH_CONNECTION
SSH_SENDS_LOCALE
SSH_TTY
STORE
TERM
TMPDIR
USER
USER_ENV_IMAGE
USER_ENV_ROOT
WINDOWMANAGER
XAUTHLOCALHOSTNAME
XDG_CONFIG_DIRS
XDG_DATA_DIRS
XDG_SESSION_CLASS
XDG_SESSION_TYPE
XKEYSYMDB
XNLSPATH
ZE_AFFINITY_MASK
@@GUARD_ENV_NAMES_END
@@GUARD_SENSITIVE_VALUES (names only shown for foreign; canaries below are mine)
guard HUSK_NET_SOCK before srun = [husk-review-a2env-OVERRIDE-netsock]
@@RANK_ENV_NAMES_BEGIN
_
}
all_proxy
ALL_PROXY
APPS
BASH_FUNC_module%%
CARGO_HOME
CLUSTER_NAME
COLORTERM
CPU
CSHEDIT
DBUS_SESSION_BUS_ADDRESS
DISPLAY
ENVIRONMENT
G_BROKEN_FILENAMES
G_FILENAME_ENCODING
GPG_TTY
GT4PY_BUILD_JOBS
GT4PY_UNSTRUCTURED_HORIZONTAL_HAS_UNIT_STRIDE
HISTSIZE
HOME
HOST
HOSTNAME
HOSTTYPE
http_proxy
HTTP_PROXY
https_proxy
HTTPS_PROXY
HUSK_JOB_LOG
_HUSK_NET_SOCK
HUSK_NET_SOCK
_HUSK_RESANDBOXED
HUSKREV_EQ
HUSK_REVIEW_ROOT
HUSK_REVIEW_STATE
HUSKREV_PLAIN
HUSK_SESSION_LOG
HUSK_SLURM_PARTITION
HUSK_SLURM_SPOOL
_HUSK_SOCAT
HUSK_SOCAT
HUSK_STEP_SPOOL
INFRANAME
JAVA_BINDIR
JAVA_HOME
JDK_HOME
JRE_HOME
LANG
LC_ADDRESS
LC_IDENTIFICATION
LC_MEASUREMENT
LC_MONETARY
LC_NAME
LC_NUMERIC
LC_PAPER
LC_TELEPHONE
LC_TIME
LESS
LESS_ADVANCED_PREPROCESSOR
LESSCLOSE
LESSKEY
LESSOPEN
LIBGL_DEBUG
LMOD_SYSTEM_NAME
LM_SETUP_DIR
LOADEDMODULES
LOGNAME
LS_COLORS
LUSTRE_JOB_ID
MACHTYPE
MAIL
MANPATH
MINICOM
MODULEPATH
MODULESHOME
MODULE_VERSION
MODULE_VERSION_STACK
MORE
no_proxy
NO_PROXY
OLDPWD
OPR_APPS_DIR
OPR_BIN
OPR_CONDA_DIR
OPR_ENV_DIR
OPR_HOME
OPR_MODULEFILES
OPR_OPR_DIR
OPR_SETUP_DIR
OPR_SRC_DIR
OPR_USER
OSTYPE
PAGER
PALS_APID
PALS_APINFO
PALS_LOCAL_RANKID
PALS_NODEID
PALS_RANKID
PALS_SPOOL_DIR
PATH
PMI_CONTROL_PORT
PMI_JOBID
PMI_LOCAL_RANK
PMI_LOCAL_SIZE
PMI_RANK
PMI_SHARED_SECRET
PMI_SIZE
PMI_UNIVERSE_SIZE
PROFILEREAD
PROJECT
PWD
RUSTUP_HOME
SCRATCH
SDK_HOME
SHELL
SHLVL
SLURM_CLUSTER_NAME
SLURM_CONF
SLURM_CPU_BIND
SLURM_CPU_BIND_LIST
SLURM_CPU_BIND_TYPE
SLURM_CPU_BIND_VERBOSE
SLURM_CPUS_ON_NODE
SLURMD_DEBUG
SLURM_DISTRIBUTION
SLURMD_NODENAME
SLURM_GTIDS
slurm_huskrev
Slurm_Huskrev
SLURM_JOB_ACCOUNT
SLURM_JOB_CPUS_PER_NODE
SLURM_JOB_END_TIME
SLURM_JOB_GID
SLURM_JOB_GPUS
SLURM_JOB_ID
SLURM_JOBID
SLURM_JOB_NAME
SLURM_JOB_NODELIST
SLURM_JOB_NUM_NODES
SLURM_JOB_PARTITION
SLURM_JOB_QOS
SLURM_JOB_START_TIME
SLURM_JOB_UID
SLURM_JOB_USER
SLURM_LAUNCH_NODE_IPADDR
SLURM_LOCALID
SLURM_MPI_TYPE
SLURM_NNODES
SLURM_NODEID
SLURM_NODELIST
SLURM_NPROCS
SLURM_NTASKS
SLURM_PRIO_PROCESS
SLURM_PROCID
SLURM_SCRIPT_CONTEXT
SLURM_SRUN_COMM_HOST
SLURM_SRUN_COMM_PORT
SLURM_STEP_ID
SLURM_STEPID
SLURM_STEP_LAUNCHER_PORT
SLURM_STEP_NODELIST
SLURM_STEP_NUM_NODES
SLURM_STEP_NUM_TASKS
SLURM_STEP_RESV_PORTS
SLURM_STEP_TASKS_PER_NODE
SLURM_SUBMIT_DIR
SLURM_SUBMIT_HOST
SLURM_TASK_PID
SLURM_TASKS_PER_NODE
SLURM_TOPOLOGY_ADDR
SLURM_TOPOLOGY_ADDR_PATTERN
SLURM_UMASK
SLURM_WORKING_CLUSTER
SRUN_DEBUG
SSH_AUTH_SOCK
SSH_CLIENT
SSH_CONNECTION
SSH_SENDS_LOCALE
SSH_TTY
STORE
TERM
TMPDIR
USER
USER_ENV_IMAGE
USER_ENV_ROOT
WINDOWMANAGER
XAUTHLOCALHOSTNAME
XDG_CONFIG_DIRS
XDG_DATA_DIRS
XDG_SESSION_CLASS
XDG_SESSION_TYPE
XKEYSYMDB
XNLSPATH
@@RANK_ENV_NAMES_END
@@RANK_CANARY_VALUES_BEGIN
HUSKREV_PLAIN=[husk-review-a2env-plain]
SLURM_HUSKREV=<unset>
SBATCH_HUSKREV=<unset>
slurm_huskrev=[husk-review-a2env-lowerslurm]
Slurm_Huskrev=[husk-review-a2env-mixedslurm]
HUSK_NET_SOCK=[/tmp/husk-27069-5007201/net.sock]
_HUSK_NET_SOCK=[husk-review-a2env-OVERRIDE-_netsock]
HUSK_SOCAT=[/users/cmueller/.local/bin/socat]
SLURM_CONF=[/var/spool/slurmd/conf-cache/slurm.conf]
SLURM_JOB_ID=[5007201]
SLURMD_NODENAME=[nid001009]
PMI_SHARED_SECRET=[12021558171061385934]
HUSKREV_EQ=[has=equals=and spaces]
@@RANK_CANARY_VALUES_END
srun-exit=0
@@SRUN_STDERR_BEGIN
@@SRUN_STDERR_END
